
[1m[46m RUN [49m[22m [36mv4.0.15 [39m[90mC:/Users/rodri/Desktop/Aplicacion de reservas/backend[39m

[90mstdout[2m | tests/reservation.test.js
[22m[39mPRISMA CLIENT INIT. URL: file:./test.db

[90mstdout[2m | tests/reservation.test.js
[22m[39mPRISMA CLIENT INIT. URL: file:./test.db
[dotenv@17.2.3] injecting env (0) from .env -- tip: ­ƒùé´©Å backup and recover secrets: https://dotenvx.com/ops

[90mstdout[2m | tests/reservation.test.js[2m > [22m[2mReservation Endpoints[2m > [22m[2mshould create a reservation successfully
[22m[39mCreate Res Error: {
  "error": "Falta seleccion para lunes"
}

[90mstdout[2m | tests/reservation.test.js[2m > [22m[2mReservation Endpoints[2m > [22m[2mshould fail if menu selection is invalid
[22m[39mUnexpected Error Message: Falta seleccion para lunes

 [31mÔØ»[39m tests/reservation.test.js [2m([22m[2m2 tests[22m[2m | [22m[31m2 failed[39m[2m)[22m[33m 2013[2mms[22m[39m
[31m     [31m├ù[31m should create a reservation successfully[39m[33m 318[2mms[22m[39m
[31m     [31m├ù[31m should fail if menu selection is invalid[39m[32m 203[2mms[22m[39m
cmd : 
En línea: 1 
Carácter: 1
+ cmd /c npx vitest 
run tests/reservation
.test.js > 
test_log.txt 2>&1
+ ~~~~~~~~~~~~~~~~~~~
~~~~~~~~~~~~~~~~~~~~~
~~~~~~~~~~~~~~~~~~~~~
~~~~~~
    + CategoryInfo   
           : NotSpe  
  cified: (:String   
 ) [], RemoteExce    
ption
    + FullyQualified 
   ErrorId : Native  
  CommandError
 
[31mÔÄ»ÔÄ»ÔÄ»ÔÄ»ÔÄ»Ô
Ä»ÔÄ»[39m[1m[41m 
Failed Tests 2 [49m
[22m[31mÔÄ»ÔÄ»ÔÄ»ÔÄ»
ÔÄ»ÔÄ»ÔÄ»[39m

[41m[1m FAIL 
[22m[49m tests/rese
rvation.test.js[2m 
> [22mReservation 
Endpoints[2m > 
[22mshould create a 
reservation 
successfully
[31m[1mAssertionErr
or[22m: expected 
400 to deeply equal 
200[39m

[32m- Expected[39m
[31m+ Received[39m

[32m- 200[39m
[31m+ 400[39m

[36m [2mÔØ»[22m te
sts/reservation.test.
js:[2m76:28[22m[39
m
    [90m 74| [39m  
  if (res.statusCode 
!== 200) 
console.log('Create 
Res Error:', JSON.ÔÇª
    [90m 75| [39m
    [90m 76| [39m  
  [34mexpect[39m(re
s[33m.[39mstatusCod
e)[33m.[39m[34mtoE
qual[39m([34m200[3
9m)[33m;[39m
    [90m   | [39m  
                     
    [31m^[39m
    [90m 77| [39m  
  [34mexpect[39m(re
s[33m.[39mbody)[33
m.[39m[34mtoHavePro
perty[39m([32m'ok'
[39m[33m,[39m [35m
true[39m)[33m;[39m
    [90m 78| [39m

[31m[2mÔÄ»ÔÄ»ÔÄ»ÔÄ»
ÔÄ»ÔÄ»ÔÄ»ÔÄ»ÔÄ»ÔÄ»ÔÄ»
ÔÄ»ÔÄ»ÔÄ»ÔÄ»ÔÄ»ÔÄ»ÔÄ»
ÔÄ»ÔÄ»ÔÄ»ÔÄ»ÔÄ»ÔÄ»[1/
2]ÔÄ»[22m[39m

[41m[1m FAIL 
[22m[49m tests/rese
rvation.test.js[2m 
> [22mReservation 
Endpoints[2m > 
[22mshould fail if 
menu selection is 
invalid
[31m[1mAssertionErr
or[22m: expected 
'Falta seleccion 
para lunes' to 
contain 'Opcion 
invalida'[39m

Expected: 
[32m"Opcion 
invalida"[39m
Received: 
[31m"Falta 
seleccion para 
lunes"[39m

[36m [2mÔØ»[22m te
sts/reservation.test.
js:[2m107:28[22m[3
9m
    [90m105| [39m
    [90m106| [39m  
  [34mexpect[39m(re
s[33m.[39mstatusCod
e)[33m.[39m[34mtoE
qual[39m([34m400[3
9m)[33m;[39m
    [90m107| [39m  
  [34mexpect[39m(re
s[33m.[39mbody[33m
.[39merror)[33m.[3
9m[34mtoContain[39m
([32m'Opcion invalid
a'[39m)[33m;[39m
    [90m   | [39m  
                     
    [31m^[39m
    [90m108| [39m  
})[33m;[39m
    [90m109| 
[39m})[33m;[39m

[31m[2mÔÄ»ÔÄ»ÔÄ»ÔÄ»
ÔÄ»ÔÄ»ÔÄ»ÔÄ»ÔÄ»ÔÄ»ÔÄ»
ÔÄ»ÔÄ»ÔÄ»ÔÄ»ÔÄ»ÔÄ»ÔÄ»
ÔÄ»ÔÄ»ÔÄ»ÔÄ»ÔÄ»ÔÄ»[2/
2]ÔÄ»[22m[39m


[2m Test Files [22m [1m[31m1 failed[39m[22m[90m (1)[39m
[2m      Tests [22m [1m[31m2 failed[39m[22m[90m (2)[39m
[2m   Start at [22m 16:18:22
[2m   Duration [22m 2.50s[2m (transform 37ms, setup 50ms, import 305ms, tests 2.01s, environment 0ms)[22m

