
[1m[46m RUN [49m[22m [36mv4.0.18 [39m[90mC:/Users/rodri/Desktop/Aplicacion de reservas/backend[39m

[90mstdout[2m | tests/auth.test.ts
[22m[39m[dotenv@17.3.1] injecting env (0) from .env -- tip: ÔÜÖ´©Å  suppress all logs with { quiet: true }

[90mstdout[2m | tests/auth.test.ts
[22m[39mTest Setup: Using DB file:./test.db

node.exe : [90mstderr[2m | 
tests/auth.test.ts[2m > 
[22m[2mAuth Endpoints[2m 
> [22m[2mshould register a 
new user
En C:\Users\rodri\AppData\Roa
ming\npm\npx.ps1: 24 
Carácter: 5
+     & "node$exe"  "$basedir
/node_modules/npm/bin/npx-cli
.js" $args
+     ~~~~~~~~~~~~~~~~~~~~~~~
~~~~~~~~~~~~~~~~~~~~~~~~~~~~~
~~~~~~~~~~
    + CategoryInfo           
   : NotSpecified    : 
([90mstderr[2m.    ..ster 
a new user:S    tring) [], 
RemoteEx    ception
    + FullyQualifiedErr    
orId : NativeComman    dError
 
[22m[39mCleanup failed: Pri
smaClientInitializationError:
 
Invalid `prisma.$queryRaw()` 
invocation:


error: Error validating 
datasource `db`: the URL 
must start with the protocol 
`postgresql://` or 
`postgres://`.
  -->  schema.prisma:8
   | 
 7 |   provider = 
"postgresql"
 8 |   url      = 
env("DATABASE_URL")
   | 

Validation Error Count: 1
    at $n.handleRequestError 
[90m(C:\Users\rodri\Desktop\
Aplicacion de reservas\backen
d\[39mnode_modules\[4m@pris
ma\client[24m\runtime\librar
y.js:121:7615[90m)[39m
    at 
$n.handleAndLogRequestError 
[90m(C:\Users\rodri\Desktop\A
plicacion de reservas\backend
\[39mnode_modules\[4m@prism
a\client[24m\runtime\library
.js:121:6623[90m)[39m
    at $n.request [90m(C:\Us
ers\rodri\Desktop\Aplicacion 
de reservas\backend\[39mnode
_modules\[4m@prisma\client[
24m\runtime\library.js:121:63
07[90m)[39m
    at l [90m(C:\Users\rodri
\Desktop\Aplicacion de reserv
as\backend\[39mnode_modules\
[4m@prisma\client[24m\runti
me\library.js:130:9633[90m)
[39m
    at C:/Users/rodri/Desktop
/Aplicacion de reservas/backe
nd/tests/setup.ts:10:29 {
  clientVersion: 
[32m'5.22.0'[39m,
  errorCode: 
[90mundefined[39m
}

[90mstderr[2m | 
tests/auth.test.ts[2m > 
[22m[2mAuth Endpoints[2m 
> [22m[2mshould register a 
new user
[22m[39mRegister error: Pri
smaClientInitializationError:
 
Invalid 
`prisma.user.findUnique()` 
invocation in
C:/Users/rodri/Desktop/Aplica
cion de reservas/backend/src/
controllers/auth.controller.t
s:37:49

  34 
  35 try {
  36     // Check email and 
funcNumber uniqueness 
manually if needed or rely 
on Prisma error
ÔåÆ 37     const 
existingEmail = await 
prisma.user.findUnique(
error: Error validating 
datasource `db`: the URL 
must start with the protocol 
`postgresql://` or 
`postgres://`.
  -->  schema.prisma:8
   | 
 7 |   provider = 
"postgresql"
 8 |   url      = 
env("DATABASE_URL")
   | 

Validation Error Count: 1
    at $n.handleRequestError 
[90m(C:\Users\rodri\Desktop\
Aplicacion de reservas\backen
d\[39mnode_modules\[4m@pris
ma\client[24m\runtime\librar
y.js:121:7615[90m)[39m
    at 
$n.handleAndLogRequestError 
[90m(C:\Users\rodri\Desktop\A
plicacion de reservas\backend
\[39mnode_modules\[4m@prism
a\client[24m\runtime\library
.js:121:6623[90m)[39m
    at $n.request [90m(C:\Us
ers\rodri\Desktop\Aplicacion 
de reservas\backend\[39mnode
_modules\[4m@prisma\client[
24m\runtime\library.js:121:63
07[90m)[39m
    at l [90m(C:\Users\rodri
\Desktop\Aplicacion de reserv
as\backend\[39mnode_modules\
[4m@prisma\client[24m\runti
me\library.js:130:9633[90m)
[39m
    at register (C:/Users/rod
ri/Desktop/Aplicacion de rese
rvas/backend/src/controllers/
auth.controller.ts:37:31) {
  clientVersion: 
[32m'5.22.0'[39m,
  errorCode: 
[90mundefined[39m
}

[90mstderr[2m | 
tests/auth.test.ts[2m > 
[22m[2mAuth Endpoints[2m 
> [22m[2mshould login with 
valid credentials
[22m[39mCleanup failed: Pri
smaClientInitializationError:
 
Invalid `prisma.$queryRaw()` 
invocation:


error: Error validating 
datasource `db`: the URL 
must start with the protocol 
`postgresql://` or 
`postgres://`.
  -->  schema.prisma:8
   | 
 7 |   provider = 
"postgresql"
 8 |   url      = 
env("DATABASE_URL")
   | 

Validation Error Count: 1
    at $n.handleRequestError 
[90m(C:\Users\rodri\Desktop\
Aplicacion de reservas\backen
d\[39mnode_modules\[4m@pris
ma\client[24m\runtime\librar
y.js:121:7615[90m)[39m
    at 
$n.handleAndLogRequestError 
[90m(C:\Users\rodri\Desktop\A
plicacion de reservas\backend
\[39mnode_modules\[4m@prism
a\client[24m\runtime\library
.js:121:6623[90m)[39m
    at $n.request [90m(C:\Us
ers\rodri\Desktop\Aplicacion 
de reservas\backend\[39mnode
_modules\[4m@prisma\client[
24m\runtime\library.js:121:63
07[90m)[39m
    at l [90m(C:\Users\rodri
\Desktop\Aplicacion de reserv
as\backend\[39mnode_modules\
[4m@prisma\client[24m\runti
me\library.js:130:9633[90m)
[39m
    at C:/Users/rodri/Desktop
/Aplicacion de reservas/backe
nd/tests/setup.ts:10:29 {
  clientVersion: 
[32m'5.22.0'[39m,
  errorCode: 
[90mundefined[39m
}

[90mstderr[2m | 
tests/auth.test.ts[2m > 
[22m[2mAuth Endpoints[2m 
> [22m[2mshould login with 
valid credentials
[22m[39mRegister error: Pri
smaClientInitializationError:
 
Invalid 
`prisma.user.findUnique()` 
invocation in
C:/Users/rodri/Desktop/Aplica
cion de reservas/backend/src/
controllers/auth.controller.t
s:37:49

  34 
  35 try {
  36     // Check email and 
funcNumber uniqueness 
manually if needed or rely 
on Prisma error
ÔåÆ 37     const 
existingEmail = await 
prisma.user.findUnique(
error: Error validating 
datasource `db`: the URL 
must start with the protocol 
`postgresql://` or 
`postgres://`.
  -->  schema.prisma:8
   | 
 7 |   provider = 
"postgresql"
 8 |   url      = 
env("DATABASE_URL")
   | 

Validation Error Count: 1
    at $n.handleRequestError 
[90m(C:\Users\rodri\Desktop\
Aplicacion de reservas\backen
d\[39mnode_modules\[4m@pris
ma\client[24m\runtime\librar
y.js:121:7615[90m)[39m
    at 
$n.handleAndLogRequestError 
[90m(C:\Users\rodri\Desktop\A
plicacion de reservas\backend
\[39mnode_modules\[4m@prism
a\client[24m\runtime\library
.js:121:6623[90m)[39m
    at $n.request [90m(C:\Us
ers\rodri\Desktop\Aplicacion 
de reservas\backend\[39mnode
_modules\[4m@prisma\client[
24m\runtime\library.js:121:63
07[90m)[39m
    at l [90m(C:\Users\rodri
\Desktop\Aplicacion de reserv
as\backend\[39mnode_modules\
[4m@prisma\client[24m\runti
me\library.js:130:9633[90m)
[39m
    at register (C:/Users/rod
ri/Desktop/Aplicacion de rese
rvas/backend/src/controllers/
auth.controller.ts:37:31) {
  clientVersion: 
[32m'5.22.0'[39m,
  errorCode: 
[90mundefined[39m
}

[90mstderr[2m | 
tests/auth.test.ts[2m > 
[22m[2mAuth Endpoints[2m 
> [22m[2mshould login with 
valid credentials
[22m[39mLogin error: Prisma
ClientInitializationError: 
Invalid 
`prisma.user.findFirst()` 
invocation in
C:/Users/rodri/Desktop/Aplica
cion de reservas/backend/src/
controllers/auth.controller.t
s:71:40

  68 
  69 try {
  70     fs.appendFileSync('a
uth_debug.log', `\n[${new 
Date().toISOString()}] Login 
attempt: search=${search}`);
ÔåÆ 71     const user = 
await prisma.user.findFirst(
error: Error validating 
datasource `db`: the URL 
must start with the protocol 
`postgresql://` or 
`postgres://`.
  -->  schema.prisma:8
   | 
 7 |   provider = 
"postgresql"
 8 |   url      = 
env("DATABASE_URL")
   | 

Validation Error Count: 1
    at $n.handleRequestError 
[90m(C:\Users\rodri\Desktop\
Aplicacion de reservas\backen
d\[39mnode_modules\[4m@pris
ma\client[24m\runtime\librar
y.js:121:7615[90m)[39m
    at 
$n.handleAndLogRequestError 
[90m(C:\Users\rodri\Desktop\A
plicacion de reservas\backend
\[39mnode_modules\[4m@prism
a\client[24m\runtime\library
.js:121:6623[90m)[39m
    at $n.request [90m(C:\Us
ers\rodri\Desktop\Aplicacion 
de reservas\backend\[39mnode
_modules\[4m@prisma\client[
24m\runtime\library.js:121:63
07[90m)[39m
    at l [90m(C:\Users\rodri
\Desktop\Aplicacion de reserv
as\backend\[39mnode_modules\
[4m@prisma\client[24m\runti
me\library.js:130:9633[90m)
[39m
    at login (C:/Users/rodri/
Desktop/Aplicacion de reserva
s/backend/src/controllers/aut
h.controller.ts:71:22) {
  clientVersion: 
[32m'5.22.0'[39m,
  errorCode: 
[90mundefined[39m
}

[90mstderr[2m | 
tests/auth.test.ts[2m > 
[22m[2mAuth Endpoints[2m 
> [22m[2mshould fail login 
with invalid credentials
[22m[39mCleanup failed: Pri
smaClientInitializationError:
 
Invalid `prisma.$queryRaw()` 
invocation:


error: Error validating 
datasource `db`: the URL 
must start with the protocol 
`postgresql://` or 
`postgres://`.
  -->  schema.prisma:8
   | 
 [31mÔØ»[39m tests/auth.test.ts [2m([22m[2m3 tests[22m[2m | [22m[31m3 failed[39m[2m)[22m[32m 64[2mms[22m[39m
[31m     [31m├ù[31m should register a new user[39m[32m 38[2mms[22m[39m
[31m     [31m├ù[31m should login with valid credentials[39m[32m 17[2mms[22m[39m
[31m     [31m├ù[31m should fail login with invalid credentials[39m[32m 7[2mms[22m[39m
 7 |   provider = 
"postgresql"
 8 |   url      = 
env("DATABASE_URL")
   | 

Validation Error Count: 1
    at $n.handleRequestError 
[90m(C:\Users\rodri\Desktop\
Aplicacion de reservas\backen
d\[39mnode_modules\[4m@pris
ma\client[24m\runtime\librar
y.js:121:7615[90m)[39m
    at 
$n.handleAndLogRequestError 
[90m(C:\Users\rodri\Desktop\A
plicacion de reservas\backend
\[39mnode_modules\[4m@prism
a\client[24m\runtime\library
.js:121:6623[90m)[39m
    at $n.request [90m(C:\Us
ers\rodri\Desktop\Aplicacion 
de reservas\backend\[39mnode
_modules\[4m@prisma\client[
24m\runtime\library.js:121:63
07[90m)[39m
    at l [90m(C:\Users\rodri
\Desktop\Aplicacion de reserv
as\backend\[39mnode_modules\
[4m@prisma\client[24m\runti
me\library.js:130:9633[90m)
[39m
    at C:/Users/rodri/Desktop
/Aplicacion de reservas/backe
nd/tests/setup.ts:10:29 {
  clientVersion: 
[32m'5.22.0'[39m,
  errorCode: 
[90mundefined[39m
}

[90mstderr[2m | 
tests/auth.test.ts[2m > 
[22m[2mAuth Endpoints[2m 
> [22m[2mshould fail login 
with invalid credentials
[22m[39mLogin error: Prisma
ClientInitializationError: 

Invalid 
`prisma.user.findFirst()` 
invocation in
C:/Users/rodri/Desktop/Aplica
cion de reservas/backend/src/
controllers/auth.controller.t
s:71:40

  68 
  69 try {
  70     fs.appendFileSync('a
uth_debug.log', `\n[${new 
Date().toISOString()}] Login 
attempt: search=${search}`);
ÔåÆ 71     const user = 
await prisma.user.findFirst(
error: Error validating 
datasource `db`: the URL 
must start with the protocol 
`postgresql://` or 
`postgres://`.
  -->  schema.prisma:8
   | 
 7 |   provider = 
"postgresql"
 8 |   url      = 
env("DATABASE_URL")
   | 

Validation Error Count: 1
    at $n.handleRequestError 
[90m(C:\Users\rodri\Desktop\
Aplicacion de reservas\backen
d\[39mnode_modules\[4m@pris
ma\client[24m\runtime\librar
y.js:121:7615[90m)[39m
    at 
$n.handleAndLogRequestError 
[90m(C:\Users\rodri\Desktop\A
plicacion de reservas\backend
\[39mnode_modules\[4m@prism
a\client[24m\runtime\library
.js:121:6623[90m)[39m
    at $n.request [90m(C:\Us
ers\rodri\Desktop\Aplicacion 
de reservas\backend\[39mnode
_modules\[4m@prisma\client[
24m\runtime\library.js:121:63
07[90m)[39m
    at l [90m(C:\Users\rodri
\Desktop\Aplicacion de reserv
as\backend\[39mnode_modules\
[4m@prisma\client[24m\runti
me\library.js:130:9633[90m)
[39m
    at login (C:/Users/rodri/
Desktop/Aplicacion de reserva
s/backend/src/controllers/aut
h.controller.ts:71:22) {
  clientVersion: 
[32m'5.22.0'[39m,
  errorCode: 
[90mundefined[39m
}


[31mÔÄ»ÔÄ»ÔÄ»ÔÄ»ÔÄ»ÔÄ»ÔÄ»[3
9m[1m[41m Failed Tests 3 [
49m[22m[31mÔÄ»ÔÄ»ÔÄ»ÔÄ»ÔÄ»Ô
Ä»ÔÄ»[39m

[41m[1m FAIL [22m[49m 
tests/auth.test.ts[2m > 
[22mAuth Endpoints[2m > 
[22mshould register a new 
user
[31m[1mAssertionError[22m:
 expected 500 to deeply 
equal 200[39m

[32m- Expected[39m
[31m+ Received[39m

[32m- 200[39m
[31m+ 500[39m

[36m [2mÔØ»[22m tests/auth
.test.ts:[2m20:32[22m[39m
    [90m 18| [39m        fs
.writeFileSync('debug_auth.js
on', 
JSON.stringify(res.body, nÔÇª
    [90m 19| [39m
    [90m 20| [39m        [
34mexpect[39m(res[33m.[39m
statusCode)[33m.[39m[34mto
Equal[39m([34m200[39m)[33
m;[39m
    [90m   | [39m          
                     
[31m^[39m
    [90m 21| [39m        [
34mexpect[39m(res[33m.[39m
body)[33m.[39m[34mtoHavePr
operty[39m([32m'token'[39m
)[33m;[39m
    [90m 22| [39m        ex
pect(res.body.user).toHavePro
perty('email', 
'test@example.coÔÇª

[31m[2mÔÄ»ÔÄ»ÔÄ»ÔÄ»ÔÄ»ÔÄ»ÔÄ
»ÔÄ»ÔÄ»ÔÄ»ÔÄ»ÔÄ»ÔÄ»ÔÄ»ÔÄ»ÔÄ»Ô
Ä»ÔÄ»ÔÄ»ÔÄ»ÔÄ»ÔÄ»ÔÄ»ÔÄ»[1/3]Ô
Ä»[22m[39m

[41m[1m FAIL [22m[49m 
tests/auth.test.ts[2m > 
[22mAuth Endpoints[2m > 
[22mshould login with valid 
credentials
[31m[1mAssertionError[22m:
 expected 500 to deeply 
equal 200[39m

[32m- Expected[39m
[31m+ Received[39m
[2m Test Files [22m [1m[31m1 failed[39m[22m[90m (1)[39m
[2m      Tests [22m [1m[31m3 failed[39m[22m[90m (3)[39m
[2m   Start at [22m 16:09:33
[2m   Duration [22m 740ms[2m (transform 172ms, setup 65ms, import 475ms, tests 64ms, environment 0ms)[22m


[32m- 200[39m
[31m+ 500[39m

[36m [2mÔØ»[22m tests/auth
.test.ts:[2m48:28[22m[39m
    [90m 46| [39m      
})[33m;[39m
    [90m 47| [39m
    [90m 48| [39m    [34me
xpect[39m(res[33m.[39mstat
usCode)[33m.[39m[34mtoEqua
l[39m([34m200[39m)[33m;[
39m
    [90m   | [39m          
                 [31m^[39m
    [90m 49| [39m    [34me
xpect[39m(res[33m.[39mbody
)[33m.[39m[34mtoHaveProper
ty[39m([32m'token'[39m)[3
3m;[39m
    [90m 50| [39m  
})[33m;[39m

[31m[2mÔÄ»ÔÄ»ÔÄ»ÔÄ»ÔÄ»ÔÄ»ÔÄ
»ÔÄ»ÔÄ»ÔÄ»ÔÄ»ÔÄ»ÔÄ»ÔÄ»ÔÄ»ÔÄ»Ô
Ä»ÔÄ»ÔÄ»ÔÄ»ÔÄ»ÔÄ»ÔÄ»ÔÄ»[2/3]Ô
Ä»[22m[39m

[41m[1m FAIL [22m[49m 
tests/auth.test.ts[2m > 
[22mAuth Endpoints[2m > 
[22mshould fail login with 
invalid credentials
[31m[1mAssertionError[22m:
 expected 500 to deeply 
equal 401[39m

[32m- Expected[39m
[31m+ Received[39m

[32m- 401[39m
[31m+ 500[39m

[36m [2mÔØ»[22m tests/auth
.test.ts:[2m60:28[22m[39m
    [90m 58| [39m      
})[33m;[39m
    [90m 59| [39m
    [90m 60| [39m    [34me
xpect[39m(res[33m.[39mstat
usCode)[33m.[39m[34mtoEqua
l[39m([34m401[39m)[33m;[
39m
    [90m   | [39m          
                 [31m^[39m
    [90m 61| [39m  
})[33m;[39m
    [90m 62| 
[39m})[33m;[39m

[31m[2mÔÄ»ÔÄ»ÔÄ»ÔÄ»ÔÄ»ÔÄ»ÔÄ
»ÔÄ»ÔÄ»ÔÄ»ÔÄ»ÔÄ»ÔÄ»ÔÄ»ÔÄ»ÔÄ»Ô
Ä»ÔÄ»ÔÄ»ÔÄ»ÔÄ»ÔÄ»ÔÄ»ÔÄ»[3/3]Ô
Ä»[22m[39m

